../Core/Src/main.c:152:6:HandleError	32	static
../Core/Src/main.c:164:5:DetectSensors	40	static
../Core/Src/main.c:266:6:ResetAndDetectSensor	24	static
../Core/Src/main.c:282:15:WaitStopCompleted	32	static
../Core/Src/main.c:309:6:HAL_TIM_PeriodElapsedCallback	16	static
../Core/Src/main.c:321:6:drawCircle	16	static
../Core/Src/main.c:339:5:main	96	static
../Core/Src/main.c:712:6:SystemClock_Config	96	static
../Core/Src/main.c:772:6:PeriphCommonClock_Config	152	static
../Core/Src/main.c:801:6:prepareForSleep	16	static
../Core/Src/main.c:835:6:enterSleep	8	static
../Core/Src/main.c:855:6:awakeFromSleep	8	static
../Core/Src/main.c:878:6:HAL_GPIO_EXTI_Callback	16	static
../Core/Src/main.c:914:6:SystemPower_Config	64	static
../Core/Src/main.c:964:6:SystemClock_Decrease	96	static
../Core/Src/main.c:1006:6:HAL_SYSTICK_Callback	4	static
../Core/Src/main.c:1035:6:Error_Handler	4	static,ignoring_inline_asm
