../Core/Src/main.c:205:6:HandleError	32	static
../Core/Src/main.c:211:6:HAL_TIM_PeriodElapsedCallback	16	static
../Core/Src/main.c:226:5:main	64	static
../Core/Src/main.c:617:6:SystemClock_Config	96	static
../Core/Src/main.c:677:6:PeriphCommonClock_Config	152	static
../Core/Src/main.c:705:6:tofTestRegisterRead	32	static
../Core/Src/main.c:715:6:tofInit	4	static
../Core/Src/main.c:745:6:drawBubble	16	static
../Core/Src/main.c:761:6:deselectBubbles	24	static
../Core/Src/main.c:774:6:uiSetup	16	static
../Core/Src/main.c:837:6:reconfigureFromSleep	8	static
../Core/Src/main.c:856:6:awakeFromSleep	8	static
../Core/Src/main.c:889:6:enterSleep	8	static
../Core/Src/main.c:929:6:HAL_GPIO_EXTI_Callback	16	static
../Core/Src/main.c:961:6:HAL_SYSTICK_Callback	4	static
../Core/Src/main.c:978:6:Error_Handler	4	static,ignoring_inline_asm
