../Drivers/BSP/STM32L496G-Discovery/stm32l496g_discovery_lcd.c:158:9:BSP_LCD_Init	8	static
../Drivers/BSP/STM32L496G-Discovery/stm32l496g_discovery_lcd.c:168:9:BSP_LCD_InitEx	24	static
../Drivers/BSP/STM32L496G-Discovery/stm32l496g_discovery_lcd.c:248:6:BSP_LCD_Reset	8	static
../Drivers/BSP/STM32L496G-Discovery/stm32l496g_discovery_lcd.c:266:9:BSP_LCD_DeInit	8	static
../Drivers/BSP/STM32L496G-Discovery/stm32l496g_discovery_lcd.c:281:10:BSP_LCD_GetXSize	8	static
../Drivers/BSP/STM32L496G-Discovery/stm32l496g_discovery_lcd.c:291:10:BSP_LCD_GetYSize	8	static
../Drivers/BSP/STM32L496G-Discovery/stm32l496g_discovery_lcd.c:301:10:BSP_LCD_GetTextColor	4	static
../Drivers/BSP/STM32L496G-Discovery/stm32l496g_discovery_lcd.c:311:10:BSP_LCD_GetBackColor	4	static
../Drivers/BSP/STM32L496G-Discovery/stm32l496g_discovery_lcd.c:321:6:BSP_LCD_SetTextColor	16	static
../Drivers/BSP/STM32L496G-Discovery/stm32l496g_discovery_lcd.c:331:6:BSP_LCD_SetBackColor	16	static
../Drivers/BSP/STM32L496G-Discovery/stm32l496g_discovery_lcd.c:341:6:BSP_LCD_SetFont	16	static
../Drivers/BSP/STM32L496G-Discovery/stm32l496g_discovery_lcd.c:351:8:BSP_LCD_GetFont	4	static
../Drivers/BSP/STM32L496G-Discovery/stm32l496g_discovery_lcd.c:361:6:BSP_LCD_Clear	40	static
../Drivers/BSP/STM32L496G-Discovery/stm32l496g_discovery_lcd.c:387:6:BSP_LCD_ClearStringLine	32	static
../Drivers/BSP/STM32L496G-Discovery/stm32l496g_discovery_lcd.c:408:6:BSP_LCD_DisplayChar	16	static
../Drivers/BSP/STM32L496G-Discovery/stm32l496g_discovery_lcd.c:426:6:BSP_LCD_DisplayStringAt	40	static
../Drivers/BSP/STM32L496G-Discovery/stm32l496g_discovery_lcd.c:494:6:BSP_LCD_DisplayStringAtLine	16	static
../Drivers/BSP/STM32L496G-Discovery/stm32l496g_discovery_lcd.c:505:10:BSP_LCD_ReadPixel	24	static
../Drivers/BSP/STM32L496G-Discovery/stm32l496g_discovery_lcd.c:524:6:BSP_LCD_DrawPixel	16	static
../Drivers/BSP/STM32L496G-Discovery/stm32l496g_discovery_lcd.c:539:6:BSP_LCD_DrawHLine	32	static
../Drivers/BSP/STM32L496G-Discovery/stm32l496g_discovery_lcd.c:563:6:BSP_LCD_DrawVLine	32	static
../Drivers/BSP/STM32L496G-Discovery/stm32l496g_discovery_lcd.c:588:6:BSP_LCD_DrawLine	56	static
../Drivers/BSP/STM32L496G-Discovery/stm32l496g_discovery_lcd.c:663:6:BSP_LCD_DrawRect	24	static
../Drivers/BSP/STM32L496G-Discovery/stm32l496g_discovery_lcd.c:681:6:BSP_LCD_DrawCircle	32	static
../Drivers/BSP/STM32L496G-Discovery/stm32l496g_discovery_lcd.c:731:6:BSP_LCD_DrawPolygon	32	static
../Drivers/BSP/STM32L496G-Discovery/stm32l496g_discovery_lcd.c:759:6:BSP_LCD_DrawEllipse	56	static
../Drivers/BSP/STM32L496G-Discovery/stm32l496g_discovery_lcd.c:800:6:BSP_LCD_DrawBitmap	32	static
../Drivers/BSP/STM32L496G-Discovery/stm32l496g_discovery_lcd.c:832:6:BSP_LCD_DrawRGBImage	32	static
../Drivers/BSP/STM32L496G-Discovery/stm32l496g_discovery_lcd.c:852:6:BSP_LCD_FillRect	24	static
../Drivers/BSP/STM32L496G-Discovery/stm32l496g_discovery_lcd.c:869:6:BSP_LCD_FillCircle	32	static
../Drivers/BSP/STM32L496G-Discovery/stm32l496g_discovery_lcd.c:917:6:BSP_LCD_FillPolygon	64	static
../Drivers/BSP/STM32L496G-Discovery/stm32l496g_discovery_lcd.c:985:6:BSP_LCD_FillEllipse	56	static
../Drivers/BSP/STM32L496G-Discovery/stm32l496g_discovery_lcd.c:1022:6:BSP_LCD_DisplayOn	8	static
../Drivers/BSP/STM32L496G-Discovery/stm32l496g_discovery_lcd.c:1032:6:BSP_LCD_DisplayOff	8	static
../Drivers/BSP/STM32L496G-Discovery/stm32l496g_discovery_lcd.c:1047:6:BSP_LCD_ScreenDimmingConfig	16	static
../Drivers/BSP/STM32L496G-Discovery/stm32l496g_discovery_lcd.c:1067:6:BSP_LCD_ScreenDimmingOn	16	static
../Drivers/BSP/STM32L496G-Discovery/stm32l496g_discovery_lcd.c:1222:6:BSP_LCD_ScreenDimmingOff	8	static
../Drivers/BSP/STM32L496G-Discovery/stm32l496g_discovery_lcd.c:1278:6:HAL_TIM_PWM_MspInit	40	static
../Drivers/BSP/STM32L496G-Discovery/stm32l496g_discovery_lcd.c:1334:9:BSP_LCD_GetOrientation	4	static
../Drivers/BSP/STM32L496G-Discovery/stm32l496g_discovery_lcd.c:1344:13:BSP_LCD_MspInit	40	static
../Drivers/BSP/STM32L496G-Discovery/stm32l496g_discovery_lcd.c:1382:13:BSP_LCD_MspDeInit	32	static
../Drivers/BSP/STM32L496G-Discovery/stm32l496g_discovery_lcd.c:1409:13:DrawChar	40	static
../Drivers/BSP/STM32L496G-Discovery/stm32l496g_discovery_lcd.c:1466:13:SetDisplayWindow	24	static
../Drivers/BSP/STM32L496G-Discovery/stm32l496g_discovery_lcd.c:1485:13:FillTriangle	56	static
