../Core/Src/main.c:136:6:AudioPlay_TransferComplete_CallBack	4	static
../Core/Src/main.c:197:6:AudioPlay_Error_CallBack	8	static
../Core/Src/main.c:211:5:main	32	static
../Core/Src/main.c:405:6:SystemClock_Config	96	static
../Core/Src/main.c:465:6:PeriphCommonClock_Config	152	static
../Core/Src/main.c:496:13:MX_ADC1_Init	48	static
../Core/Src/main.c:563:13:MX_ADC2_Init	32	static
../Core/Src/main.c:621:13:MX_ADC3_Init	32	static
../Core/Src/main.c:679:13:MX_DCMI_Init	8	static
../Core/Src/main.c:716:13:MX_DFSDM1_Init	8	static
../Core/Src/main.c:771:13:MX_I2C1_Init	8	static
../Core/Src/main.c:819:13:MX_I2C2_Init	8	static
../Core/Src/main.c:867:13:MX_LPUART1_UART_Init	8	static
../Core/Src/main.c:901:13:MX_USART1_UART_Init	8	static
../Core/Src/main.c:936:13:MX_USART2_UART_Init	8	static
../Core/Src/main.c:971:13:MX_QUADSPI_Init	8	static
../Core/Src/main.c:1006:13:MX_SAI1_Init	8	static
../Core/Src/main.c:1081:13:MX_SDMMC1_SD_Init	8	static
../Core/Src/main.c:1117:13:MX_SPI1_Init	8	static
../Core/Src/main.c:1157:13:MX_SPI2_Init	8	static
../Core/Src/main.c:1193:13:MX_FMC_Init	40	static
../Core/Src/main.c:1286:13:MX_GPIO_Init	64	static
../Core/Src/main.c:1426:6:Error_Handler	4	static,ignoring_inline_asm
