../Core/Src/main.c:121:5:main	32	static
../Core/Src/main.c:296:6:SystemClock_Config	96	static
../Core/Src/main.c:356:6:PeriphCommonClock_Config	152	static
../Core/Src/main.c:387:13:MX_ADC1_Init	48	static
../Core/Src/main.c:454:13:MX_ADC2_Init	32	static
../Core/Src/main.c:512:13:MX_ADC3_Init	32	static
../Core/Src/main.c:570:13:MX_DCMI_Init	8	static
../Core/Src/main.c:607:13:MX_DFSDM1_Init	8	static
../Core/Src/main.c:662:13:MX_I2C1_Init	8	static
../Core/Src/main.c:710:13:MX_I2C2_Init	8	static
../Core/Src/main.c:758:13:MX_LPUART1_UART_Init	8	static
../Core/Src/main.c:792:13:MX_USART1_UART_Init	8	static
../Core/Src/main.c:827:13:MX_USART2_UART_Init	8	static
../Core/Src/main.c:862:13:MX_QUADSPI_Init	8	static
../Core/Src/main.c:897:13:MX_SAI1_Init	8	static
../Core/Src/main.c:972:13:MX_SDMMC1_SD_Init	8	static
../Core/Src/main.c:1008:13:MX_SPI1_Init	8	static
../Core/Src/main.c:1048:13:MX_SPI2_Init	8	static
../Core/Src/main.c:1084:13:MX_FMC_Init	40	static
../Core/Src/main.c:1177:13:MX_GPIO_Init	64	static
../Core/Src/main.c:1317:6:Error_Handler	4	static,ignoring_inline_asm
