../Core/Src/stm32l4xx_hal_msp.c:63:6:HAL_MspInit	16	static
../Core/Src/stm32l4xx_hal_msp.c:87:6:HAL_ADC_MspInit	64	static
../Core/Src/stm32l4xx_hal_msp.c:181:6:HAL_ADC_MspDeInit	16	static
../Core/Src/stm32l4xx_hal_msp.c:258:6:HAL_DCMI_MspInit	56	static
../Core/Src/stm32l4xx_hal_msp.c:320:6:HAL_DCMI_MspDeInit	16	static
../Core/Src/stm32l4xx_hal_msp.c:364:6:HAL_DFSDM_ChannelMspInit	192	static
../Core/Src/stm32l4xx_hal_msp.c:421:6:HAL_DFSDM_ChannelMspDeInit	16	static
../Core/Src/stm32l4xx_hal_msp.c:454:6:HAL_I2C_MspInit	200	static
../Core/Src/stm32l4xx_hal_msp.c:541:6:HAL_I2C_MspDeInit	16	static
../Core/Src/stm32l4xx_hal_msp.c:592:6:HAL_UART_MspInit	208	static
../Core/Src/stm32l4xx_hal_msp.c:727:6:HAL_UART_MspDeInit	16	static
../Core/Src/stm32l4xx_hal_msp.c:798:6:HAL_QSPI_MspInit	48	static
../Core/Src/stm32l4xx_hal_msp.c:846:6:HAL_QSPI_MspDeInit	16	static
../Core/Src/stm32l4xx_hal_msp.c:881:6:HAL_SD_MspInit	48	static
../Core/Src/stm32l4xx_hal_msp.c:930:6:HAL_SD_MspDeInit	16	static
../Core/Src/stm32l4xx_hal_msp.c:966:6:HAL_SPI_MspInit	64	static
../Core/Src/stm32l4xx_hal_msp.c:1045:6:HAL_SPI_MspDeInit	16	static
../Core/Src/stm32l4xx_hal_msp.c:1095:13:HAL_FMC_MspInit	32	static
../Core/Src/stm32l4xx_hal_msp.c:1192:6:HAL_SRAM_MspInit	16	static
../Core/Src/stm32l4xx_hal_msp.c:1204:13:HAL_FMC_MspDeInit	8	static
../Core/Src/stm32l4xx_hal_msp.c:1279:6:HAL_SRAM_MspDeInit	16	static
