../Core/Src/main.c:115:6:drawCircle	16	static
../Core/Src/main.c:133:5:main	32	static
../Core/Src/main.c:286:6:SystemClock_Config	96	static
../Core/Src/main.c:346:6:PeriphCommonClock_Config	152	static
../Core/Src/main.c:377:13:MX_ADC1_Init	48	static
../Core/Src/main.c:444:13:MX_ADC2_Init	32	static
../Core/Src/main.c:502:13:MX_ADC3_Init	32	static
../Core/Src/main.c:560:13:MX_DCMI_Init	8	static
../Core/Src/main.c:597:13:MX_DFSDM1_Init	8	static
../Core/Src/main.c:652:13:MX_I2C1_Init	8	static
../Core/Src/main.c:700:13:MX_I2C2_Init	8	static
../Core/Src/main.c:748:13:MX_LPUART1_UART_Init	8	static
../Core/Src/main.c:782:13:MX_USART1_UART_Init	8	static
../Core/Src/main.c:817:13:MX_USART2_UART_Init	8	static
../Core/Src/main.c:852:13:MX_QUADSPI_Init	8	static
../Core/Src/main.c:887:13:MX_SAI1_Init	8	static
../Core/Src/main.c:962:13:MX_SDMMC1_SD_Init	8	static
../Core/Src/main.c:998:13:MX_SPI1_Init	8	static
../Core/Src/main.c:1038:13:MX_SPI2_Init	8	static
../Core/Src/main.c:1074:13:MX_FMC_Init	40	static
../Core/Src/main.c:1167:13:MX_GPIO_Init	64	static
../Core/Src/main.c:1307:6:Error_Handler	4	static,ignoring_inline_asm
