../Drivers/BSP/STM32L496G-Discovery/stm32l496g_discovery_qspi.c:125:9:BSP_QSPI_Init	24	static,ignoring_inline_asm
../Drivers/BSP/STM32L496G-Discovery/stm32l496g_discovery_qspi.c:184:9:BSP_QSPI_DeInit	8	static
../Drivers/BSP/STM32L496G-Discovery/stm32l496g_discovery_qspi.c:207:9:BSP_QSPI_Read	80	static
../Drivers/BSP/STM32L496G-Discovery/stm32l496g_discovery_qspi.c:249:9:BSP_QSPI_Write	96	static
../Drivers/BSP/STM32L496G-Discovery/stm32l496g_discovery_qspi.c:324:9:BSP_QSPI_Erase_Block	72	static
../Drivers/BSP/STM32L496G-Discovery/stm32l496g_discovery_qspi.c:372:9:BSP_QSPI_Erase_Sector	72	static
../Drivers/BSP/STM32L496G-Discovery/stm32l496g_discovery_qspi.c:413:9:BSP_QSPI_Erase_Chip	64	static
../Drivers/BSP/STM32L496G-Discovery/stm32l496g_discovery_qspi.c:453:9:BSP_QSPI_GetStatus	72	static
../Drivers/BSP/STM32L496G-Discovery/stm32l496g_discovery_qspi.c:523:9:BSP_QSPI_GetInfo	16	static
../Drivers/BSP/STM32L496G-Discovery/stm32l496g_discovery_qspi.c:539:9:BSP_QSPI_EnableMemoryMappedMode	72	static
../Drivers/BSP/STM32L496G-Discovery/stm32l496g_discovery_qspi.c:573:9:BSP_QSPI_SuspendErase	64	static
../Drivers/BSP/STM32L496G-Discovery/stm32l496g_discovery_qspi.c:614:9:BSP_QSPI_ResumeErase	64	static
../Drivers/BSP/STM32L496G-Discovery/stm32l496g_discovery_qspi.c:659:9:BSP_QSPI_EnterDeepPowerDown	64	static
../Drivers/BSP/STM32L496G-Discovery/stm32l496g_discovery_qspi.c:690:9:BSP_QSPI_LeaveDeepPowerDown	64	static
../Drivers/BSP/STM32L496G-Discovery/stm32l496g_discovery_qspi.c:728:13:QSPI_MspInit	40	static
../Drivers/BSP/STM32L496G-Discovery/stm32l496g_discovery_qspi.c:764:13:QSPI_MspDeInit	40	static
../Drivers/BSP/STM32L496G-Discovery/stm32l496g_discovery_qspi.c:803:16:QSPI_ResetMemory	72	static
../Drivers/BSP/STM32L496G-Discovery/stm32l496g_discovery_qspi.c:845:16:QSPI_WriteEnable	96	static
../Drivers/BSP/STM32L496G-Discovery/stm32l496g_discovery_qspi.c:891:16:QSPI_AutoPollingMemReady	96	static
../Drivers/BSP/STM32L496G-Discovery/stm32l496g_discovery_qspi.c:928:16:QSPI_QuadMode	80	static
../Drivers/BSP/STM32L496G-Discovery/stm32l496g_discovery_qspi.c:1017:16:QSPI_HighPerfMode	80	static
