../Drivers/BSP/STM32L496G-Discovery/stm32l496g_discovery_camera.c:124:9:BSP_CAMERA_Init	32	static
../Drivers/BSP/STM32L496G-Discovery/stm32l496g_discovery_camera.c:210:9:BSP_CAMERA_DeInit	8	static
../Drivers/BSP/STM32L496G-Discovery/stm32l496g_discovery_camera.c:224:6:BSP_CAMERA_ContinuousStart	24	static
../Drivers/BSP/STM32L496G-Discovery/stm32l496g_discovery_camera.c:235:6:BSP_CAMERA_SnapshotStart	24	static
../Drivers/BSP/STM32L496G-Discovery/stm32l496g_discovery_camera.c:245:6:BSP_CAMERA_Suspend	8	static
../Drivers/BSP/STM32L496G-Discovery/stm32l496g_discovery_camera.c:255:6:BSP_CAMERA_Resume	8	static
../Drivers/BSP/STM32L496G-Discovery/stm32l496g_discovery_camera.c:265:9:BSP_CAMERA_Stop	16	static
../Drivers/BSP/STM32L496G-Discovery/stm32l496g_discovery_camera.c:284:6:BSP_CAMERA_PwrUp	8	static
../Drivers/BSP/STM32L496G-Discovery/stm32l496g_discovery_camera.c:296:6:BSP_CAMERA_PwrDown	8	static
../Drivers/BSP/STM32L496G-Discovery/stm32l496g_discovery_camera.c:320:6:BSP_CAMERA_ContrastBrightnessConfig	24	static
../Drivers/BSP/STM32L496G-Discovery/stm32l496g_discovery_camera.c:338:6:BSP_CAMERA_BlackWhiteConfig	24	static
../Drivers/BSP/STM32L496G-Discovery/stm32l496g_discovery_camera.c:356:6:BSP_CAMERA_ColorEffectConfig	24	static
../Drivers/BSP/STM32L496G-Discovery/stm32l496g_discovery_camera.c:369:17:GetSize	24	static
../Drivers/BSP/STM32L496G-Discovery/stm32l496g_discovery_camera.c:411:13:BSP_CAMERA_MspInit	64	static
../Drivers/BSP/STM32L496G-Discovery/stm32l496g_discovery_camera.c:495:13:BSP_CAMERA_MspDeInit	16	static
../Drivers/BSP/STM32L496G-Discovery/stm32l496g_discovery_camera.c:518:6:HAL_DCMI_LineEventCallback	16	static
../Drivers/BSP/STM32L496G-Discovery/stm32l496g_discovery_camera.c:527:13:BSP_CAMERA_LineEventCallback	4	static
../Drivers/BSP/STM32L496G-Discovery/stm32l496g_discovery_camera.c:539:6:HAL_DCMI_VsyncEventCallback	16	static
../Drivers/BSP/STM32L496G-Discovery/stm32l496g_discovery_camera.c:548:13:BSP_CAMERA_VsyncEventCallback	4	static
../Drivers/BSP/STM32L496G-Discovery/stm32l496g_discovery_camera.c:560:6:HAL_DCMI_FrameEventCallback	16	static
../Drivers/BSP/STM32L496G-Discovery/stm32l496g_discovery_camera.c:569:13:BSP_CAMERA_FrameEventCallback	4	static
../Drivers/BSP/STM32L496G-Discovery/stm32l496g_discovery_camera.c:581:6:HAL_DCMI_ErrorCallback	16	static
../Drivers/BSP/STM32L496G-Discovery/stm32l496g_discovery_camera.c:590:13:BSP_CAMERA_ErrorCallback	4	static
