../Core/Src/main.c:96:5:main	8	static
../Core/Src/main.c:208:6:SystemClock_Config	96	static
../Core/Src/main.c:268:6:PeriphCommonClock_Config	152	static
../Core/Src/main.c:296:6:prepareForSleep	16	static
../Core/Src/main.c:330:6:enterSleep	8	static
../Core/Src/main.c:350:6:awakeFromSleep	8	static
../Core/Src/main.c:373:6:HAL_GPIO_EXTI_Callback	16	static
../Core/Src/main.c:407:6:SystemPower_Config	64	static
../Core/Src/main.c:457:6:SystemClock_Decrease	96	static
../Core/Src/main.c:499:6:HAL_SYSTICK_Callback	4	static
../Core/Src/main.c:528:6:Error_Handler	4	static
