../Core/Src/main.c:95:5:main	8	static
../Core/Src/main.c:202:6:SystemClock_Config	96	static
../Core/Src/main.c:262:6:PeriphCommonClock_Config	152	static
../Core/Src/main.c:290:6:prepareForSleep	16	static
../Core/Src/main.c:324:6:enterSleep	8	static
../Core/Src/main.c:347:6:awakeFromSleep	8	static
../Core/Src/main.c:370:6:HAL_GPIO_EXTI_Callback	16	static
../Core/Src/main.c:401:6:SystemPower_Config	64	static
../Core/Src/main.c:451:6:SystemClock_Decrease	96	static
../Core/Src/main.c:493:6:HAL_SYSTICK_Callback	4	static
../Core/Src/main.c:522:6:Error_Handler	4	static,ignoring_inline_asm
