../Drivers/BSP/STM32L496G-Discovery/stm32l496g_discovery_audio.c:303:9:BSP_AUDIO_OUT_Init	24	static
../Drivers/BSP/STM32L496G-Discovery/stm32l496g_discovery_audio.c:363:9:BSP_AUDIO_OUT_DeInit	16	static
../Drivers/BSP/STM32L496G-Discovery/stm32l496g_discovery_audio.c:409:9:BSP_AUDIO_OUT_Play	16	static
../Drivers/BSP/STM32L496G-Discovery/stm32l496g_discovery_audio.c:432:9:BSP_AUDIO_OUT_ChangeBuffer	16	static
../Drivers/BSP/STM32L496G-Discovery/stm32l496g_discovery_audio.c:452:9:BSP_AUDIO_OUT_Pause	8	static
../Drivers/BSP/STM32L496G-Discovery/stm32l496g_discovery_audio.c:477:9:BSP_AUDIO_OUT_Resume	8	static
../Drivers/BSP/STM32L496G-Discovery/stm32l496g_discovery_audio.c:503:9:BSP_AUDIO_OUT_Stop	16	static
../Drivers/BSP/STM32L496G-Discovery/stm32l496g_discovery_audio.c:532:9:BSP_AUDIO_OUT_SetVolume	16	static
../Drivers/BSP/STM32L496G-Discovery/stm32l496g_discovery_audio.c:551:9:BSP_AUDIO_OUT_SetMute	16	static
../Drivers/BSP/STM32L496G-Discovery/stm32l496g_discovery_audio.c:569:9:BSP_AUDIO_OUT_SetOutputMode	16	static
../Drivers/BSP/STM32L496G-Discovery/stm32l496g_discovery_audio.c:588:9:BSP_AUDIO_OUT_SetFrequency	24	static
../Drivers/BSP/STM32L496G-Discovery/stm32l496g_discovery_audio.c:629:6:BSP_AUDIO_OUT_ChangeAudioConfig	24	static
../Drivers/BSP/STM32L496G-Discovery/stm32l496g_discovery_audio.c:695:6:BSP_AUDIO_OUT_RegisterCallbacks	24	static
../Drivers/BSP/STM32L496G-Discovery/stm32l496g_discovery_audio.c:709:6:HAL_SAI_TxCpltCallback	16	static
../Drivers/BSP/STM32L496G-Discovery/stm32l496g_discovery_audio.c:723:6:HAL_SAI_TxHalfCpltCallback	16	static
../Drivers/BSP/STM32L496G-Discovery/stm32l496g_discovery_audio.c:737:6:HAL_SAI_ErrorCallback	16	static
../Drivers/BSP/STM32L496G-Discovery/stm32l496g_discovery_audio.c:768:9:BSP_AUDIO_IN_Init	24	static
../Drivers/BSP/STM32L496G-Discovery/stm32l496g_discovery_audio.c:782:9:BSP_AUDIO_IN_InitEx	32	static
../Drivers/BSP/STM32L496G-Discovery/stm32l496g_discovery_audio.c:868:9:BSP_AUDIO_IN_DeInit	16	static
../Drivers/BSP/STM32L496G-Discovery/stm32l496g_discovery_audio.c:928:9:BSP_AUDIO_IN_Record	16	static
../Drivers/BSP/STM32L496G-Discovery/stm32l496g_discovery_audio.c:1012:9:BSP_AUDIO_IN_SetFrequency	24	static
../Drivers/BSP/STM32L496G-Discovery/stm32l496g_discovery_audio.c:1070:6:HAL_DFSDM_FilterRegConvCpltCallback	24	static
../Drivers/BSP/STM32L496G-Discovery/stm32l496g_discovery_audio.c:1136:6:HAL_DFSDM_FilterRegConvHalfCpltCallback	24	static
../Drivers/BSP/STM32L496G-Discovery/stm32l496g_discovery_audio.c:1202:6:HAL_DFSDM_FilterErrorCallback	16	static
../Drivers/BSP/STM32L496G-Discovery/stm32l496g_discovery_audio.c:1216:6:HAL_SAI_RxCpltCallback	16	static
../Drivers/BSP/STM32L496G-Discovery/stm32l496g_discovery_audio.c:1230:6:HAL_SAI_RxHalfCpltCallback	16	static
../Drivers/BSP/STM32L496G-Discovery/stm32l496g_discovery_audio.c:1243:9:BSP_AUDIO_IN_Stop	8	static
../Drivers/BSP/STM32L496G-Discovery/stm32l496g_discovery_audio.c:1309:9:BSP_AUDIO_IN_Pause	8	static
../Drivers/BSP/STM32L496G-Discovery/stm32l496g_discovery_audio.c:1347:9:BSP_AUDIO_IN_Resume	8	static
../Drivers/BSP/STM32L496G-Discovery/stm32l496g_discovery_audio.c:1393:6:BSP_AUDIO_IN_RegisterCallbacks	24	static
../Drivers/BSP/STM32L496G-Discovery/stm32l496g_discovery_audio.c:1414:16:AUDIO_SAIx_Init	24	static
../Drivers/BSP/STM32L496G-Discovery/stm32l496g_discovery_audio.c:1543:16:AUDIO_SAIx_DeInit	8	static
../Drivers/BSP/STM32L496G-Discovery/stm32l496g_discovery_audio.c:1700:16:AUDIO_DFSDMx_Init	16	static
../Drivers/BSP/STM32L496G-Discovery/stm32l496g_discovery_audio.c:1832:16:AUDIO_DFSDMx_DeInit	8	static
../Drivers/BSP/STM32L496G-Discovery/stm32l496g_discovery_audio.c:1938:6:HAL_DFSDM_FilterMspInit	24	static
../Drivers/BSP/STM32L496G-Discovery/stm32l496g_discovery_audio.c:2008:6:HAL_DFSDM_FilterMspDeInit	16	static
../Drivers/BSP/STM32L496G-Discovery/stm32l496g_discovery_audio.c:2036:16:AUDIO_SAIPLLConfig	160	static
