../Drivers/BSP/STM32L496G-Discovery/stm32l496g_discovery_audio.c:303:9:BSP_AUDIO_OUT_Init	24	static
../Drivers/BSP/STM32L496G-Discovery/stm32l496g_discovery_audio.c:363:9:BSP_AUDIO_OUT_DeInit	16	static
../Drivers/BSP/STM32L496G-Discovery/stm32l496g_discovery_audio.c:409:9:BSP_AUDIO_OUT_Play	24	static
../Drivers/BSP/STM32L496G-Discovery/stm32l496g_discovery_audio.c:443:9:BSP_AUDIO_OUT_ChangeBuffer	16	static
../Drivers/BSP/STM32L496G-Discovery/stm32l496g_discovery_audio.c:463:9:BSP_AUDIO_OUT_Pause	8	static
../Drivers/BSP/STM32L496G-Discovery/stm32l496g_discovery_audio.c:488:9:BSP_AUDIO_OUT_Resume	8	static
../Drivers/BSP/STM32L496G-Discovery/stm32l496g_discovery_audio.c:514:9:BSP_AUDIO_OUT_Stop	16	static
../Drivers/BSP/STM32L496G-Discovery/stm32l496g_discovery_audio.c:543:9:BSP_AUDIO_OUT_SetVolume	16	static
../Drivers/BSP/STM32L496G-Discovery/stm32l496g_discovery_audio.c:562:9:BSP_AUDIO_OUT_SetMute	16	static
../Drivers/BSP/STM32L496G-Discovery/stm32l496g_discovery_audio.c:580:9:BSP_AUDIO_OUT_SetOutputMode	16	static
../Drivers/BSP/STM32L496G-Discovery/stm32l496g_discovery_audio.c:599:9:BSP_AUDIO_OUT_SetFrequency	24	static
../Drivers/BSP/STM32L496G-Discovery/stm32l496g_discovery_audio.c:640:6:BSP_AUDIO_OUT_ChangeAudioConfig	24	static
../Drivers/BSP/STM32L496G-Discovery/stm32l496g_discovery_audio.c:706:6:BSP_AUDIO_OUT_RegisterCallbacks	24	static
../Drivers/BSP/STM32L496G-Discovery/stm32l496g_discovery_audio.c:720:6:HAL_SAI_TxCpltCallback	16	static
../Drivers/BSP/STM32L496G-Discovery/stm32l496g_discovery_audio.c:734:6:HAL_SAI_TxHalfCpltCallback	16	static
../Drivers/BSP/STM32L496G-Discovery/stm32l496g_discovery_audio.c:748:6:HAL_SAI_ErrorCallback	16	static
../Drivers/BSP/STM32L496G-Discovery/stm32l496g_discovery_audio.c:779:9:BSP_AUDIO_IN_Init	24	static
../Drivers/BSP/STM32L496G-Discovery/stm32l496g_discovery_audio.c:793:9:BSP_AUDIO_IN_InitEx	32	static
../Drivers/BSP/STM32L496G-Discovery/stm32l496g_discovery_audio.c:879:9:BSP_AUDIO_IN_DeInit	16	static
../Drivers/BSP/STM32L496G-Discovery/stm32l496g_discovery_audio.c:939:9:BSP_AUDIO_IN_Record	16	static
../Drivers/BSP/STM32L496G-Discovery/stm32l496g_discovery_audio.c:1023:9:BSP_AUDIO_IN_SetFrequency	24	static
../Drivers/BSP/STM32L496G-Discovery/stm32l496g_discovery_audio.c:1081:6:HAL_DFSDM_FilterRegConvCpltCallback	24	static
../Drivers/BSP/STM32L496G-Discovery/stm32l496g_discovery_audio.c:1147:6:HAL_DFSDM_FilterRegConvHalfCpltCallback	24	static
../Drivers/BSP/STM32L496G-Discovery/stm32l496g_discovery_audio.c:1213:6:HAL_DFSDM_FilterErrorCallback	16	static
../Drivers/BSP/STM32L496G-Discovery/stm32l496g_discovery_audio.c:1227:6:HAL_SAI_RxCpltCallback	16	static
../Drivers/BSP/STM32L496G-Discovery/stm32l496g_discovery_audio.c:1241:6:HAL_SAI_RxHalfCpltCallback	16	static
../Drivers/BSP/STM32L496G-Discovery/stm32l496g_discovery_audio.c:1254:9:BSP_AUDIO_IN_Stop	8	static
../Drivers/BSP/STM32L496G-Discovery/stm32l496g_discovery_audio.c:1320:9:BSP_AUDIO_IN_Pause	8	static
../Drivers/BSP/STM32L496G-Discovery/stm32l496g_discovery_audio.c:1358:9:BSP_AUDIO_IN_Resume	8	static
../Drivers/BSP/STM32L496G-Discovery/stm32l496g_discovery_audio.c:1404:6:BSP_AUDIO_IN_RegisterCallbacks	24	static
../Drivers/BSP/STM32L496G-Discovery/stm32l496g_discovery_audio.c:1425:16:AUDIO_SAIx_Init	24	static
../Drivers/BSP/STM32L496G-Discovery/stm32l496g_discovery_audio.c:1554:16:AUDIO_SAIx_DeInit	8	static
../Drivers/BSP/STM32L496G-Discovery/stm32l496g_discovery_audio.c:1578:6:HAL_SAI_MspInit	64	static
../Drivers/BSP/STM32L496G-Discovery/stm32l496g_discovery_audio.c:1663:6:HAL_SAI_MspDeInit	16	static
../Drivers/BSP/STM32L496G-Discovery/stm32l496g_discovery_audio.c:1711:16:AUDIO_DFSDMx_Init	16	static
../Drivers/BSP/STM32L496G-Discovery/stm32l496g_discovery_audio.c:1843:16:AUDIO_DFSDMx_DeInit	8	static
../Drivers/BSP/STM32L496G-Discovery/stm32l496g_discovery_audio.c:1949:6:HAL_DFSDM_FilterMspInit	24	static
../Drivers/BSP/STM32L496G-Discovery/stm32l496g_discovery_audio.c:2019:6:HAL_DFSDM_FilterMspDeInit	16	static
../Drivers/BSP/STM32L496G-Discovery/stm32l496g_discovery_audio.c:2047:16:AUDIO_SAIPLLConfig	160	static
